Aabcdefghrsjkmnpq
a    a    a    a    a    a    a    a
b j  b k  b m  b n  b p  b q  a a  a a
c    c    c    c    c    c    a    a
                                      
a    a    a    a    a    a    a    a
a a  a a  a a  a a  a a  a a  a a  a a
a    a    a    a    a    a    a    a
                                      
a    a    a    a    a    a    a    a
a a  a a  a a  a a  a a  a a  a a  a a
a    a    a    a    a    a    a    a
                                      
a    a    a    a    a    a    a    a
a a  a a  a a  a a  a a  a a  a a  a a
a    a    a    a    a    a    a    a
                                        
a    a    a    a    a    a    a    a
a a  a a  a a  a a  a a  a a  a a  a a
a    a    a    a    a    a    a    a
                                        
a    a    a    a    a    a    a    a
a a  a a  a a  a a  a a  a a  a a  a a
a    a    a    a    a    a    a    a
                                        
a    a    a    a    a    a    a    a
a a  a a  a a  a a  a a  a a  a a  a a
a    a    a    a    a    a    a    a
                                        
a    a    a    a    a    a    a    a
a a  a a  a a  a a  a a  a a  a a  a a
a    a    a    a    a    a    a    a
