Kabcdefghrsjkmnpq
j a  j b  j c  j d  j e  j f  j g  j h
a    a    a    a    a    a    a    a
a    a    a    a    a    a    a    a
                                      
k a  k b  k c  k d  k e  k f  k g  k h
a    a    a    a    a    a    a    a
a    a    a    a    a    a    a    a
                                      
m a  m b  m c  m d  m e  m f  m g  m h
a    a    a    a    a    a    a    a
a    a    a    a    a    a    a    a
                                      
n a  n b  n c  n d  n e  n f  n g  n h
a    a    a    a    a    a    a    a
a    a    a    a    a    a    a    a
                                        
p a  p b  p c  p d  p e  p f  p g  p h
a    a    a    a    a    a    a    a
a    a    a    a    a    a    a    a
                                        
q a  q b  q c  q d  q e  q f  q g  q h
a    a    a    a    a    a    a    a
a    a    a    a    a    a    a    a
                                        
r a  r b  r c  r d  r e  r f  r g  r h
a    a    a    a    a    a    a    a
a    a    a    a    a    a    a    a
                                        
s a  s b  s c  s d  s e  s f  s g  s h
a    a    a    a    a    a    a    a
a    a    a    a    a    a    a    a
