Kabcdefghrsjkmnpq
j    j    j    j    j    j    j    j
a a  a b  a c  a d  a e  a f  a g  a h
a    a    a    a    a    a    a    a
                                      
k    k    k    k    k    k    k    k
a a  a b  a c  a d  a e  a f  a g  a h
a    a    a    a    a    a    a    a
                                      
m    m    m    m    m    m    m    m
a a  a b  a c  a d  a e  a f  a g  a h
a    a    a    a    a    a    a    a
                                      
n    n    n    n    n    n    n    n
a a  a b  a c  a d  a e  a f  a g  a h
a    a    a    a    a    a    a    a
                                        
p    p    p    p    p    p    p    p
a a  a b  a c  a d  a e  a f  a g  a h
a    a    a    a    a    a    a    a
                                        
q    q    q    q    q    q    q    q
a a  a b  a c  a d  a e  a f  a g  a h
a    a    a    a    a    a    a    a
                                        
r    r    r    r    r    r    r    r
a a  a b  a c  a d  a e  a f  a g  a h
a    a    a    a    a    a    a    a
                                        
s    s    s    s    s    s    s    s
a a  a b  a c  a d  a e  a f  a g  a h
a    a    a    a    a    a    a    a
